teerashi@Teerashi:~$ ls
 Desktop     Downloads  'ls -all'   Pictures   snap        Videos
 Documents  'ls -a'      Music      Public     Templates
teerashi@Teerashi:~$ mkdir MyFirstRepository
teerashi@Teerashi:~$ cd MyFirstRepository/
teerashi@Teerashi:~/MyFirstRepository$ Touch README.ms text.txt 
Command 'Touch' not found, did you mean:
  command 'touch' from deb coreutils (8.32-4.1ubuntu1)
Try: sudo apt install <deb name>
teerashi@Teerashi:~/MyFirstRepository$ mkdir Files
teerashi@Teerashi:~/MyFirstRepository$ touch README.ms text.txt 
teerashi@Teerashi:~/MyFirstRepository$ ls
Files  README.ms  text.txt
teerashi@Teerashi:~/MyFirstRepository$ git init 
Initialized empty Git repository in /home/teerashi/MyFirstRepository/.git/
teerashi@Teerashi:~/MyFirstRepository$ git status 
On branch main

No commits yet

Untracked files:
  (use "git add <file>..." to include in what will be committed)
	README.ms
	text.txt

nothing added to commit but untracked files present (use "git add" to track)
teerashi@Teerashi:~/MyFirstRepository$ nano text.txt 
teerashi@Teerashi:~/MyFirstRepository$ gig stat
Command 'gig' not found, but there are 15 similar ones.
teerashi@Teerashi:~/MyFirstRepository$ gig status
Command 'gig' not found, but there are 15 similar ones.
teerashi@Teerashi:~/MyFirstRepository$ git status 
On branch main

No commits yet

Untracked files:
  (use "git add <file>..." to include in what will be committed)
	README.ms
	text.txt

nothing added to commit but untracked files present (use "git add" to track)
teerashi@Teerashi:~/MyFirstRepository$ git add .
teerashi@Teerashi:~/MyFirstRepository$ git status 
On branch main

No commits yet

Changes to be committed:
  (use "git rm --cached <file>..." to unstage)
	new file:   README.ms
	new file:   text.txt

teerashi@Teerashi:~/MyFirstRepository$ git commit -m "v1"
[main (root-commit) 0219b3e] v1
 2 files changed, 2 insertions(+)
 create mode 100644 README.ms
 create mode 100644 text.txt
teerashi@Teerashi:~/MyFirstRepository$ git log
commit 0219b3e7b1b37575cca26ad2fe60c0de53d5d505 (HEAD -> main)
Author: Teerashi <vito.trojan@gmail.com>
Date:   Thu Oct 5 00:48:39 2023 +0300

    v1
teerashi@Teerashi:~/MyFirstRepository$ git show 0219b3e7b1b37575cca26ad2fe60c0de53d5d505
commit 0219b3e7b1b37575cca26ad2fe60c0de53d5d505 (HEAD -> main)
Author: Teerashi <vito.trojan@gmail.com>
Date:   Thu Oct 5 00:48:39 2023 +0300

    v1

diff --git a/README.ms b/README.ms
new file mode 100644
index 0000000..e69de29
diff --git a/text.txt b/text.txt
new file mode 100644
index 0000000..0517a8d
--- /dev/null
+++ b/text.txt
@@ -0,0 +1,2 @@
+Toyota
+Supra
teerashi@Teerashi:~/MyFirstRepository$ git status 
On branch main
nothing to commit, working tree clean
teerashi@Teerashi:~/MyFirstRepository$ git add
Nothing specified, nothing added.
hint: Maybe you wanted to say 'git add .'?
hint: Turn this message off by running
hint: "git config advice.addEmptyPathspec false"
teerashi@Teerashi:~/MyFirstRepository$ git add .
teerashi@Teerashi:~/MyFirstRepository$ git status 
On branch main
nothing to commit, working tree clean
teerashi@Teerashi:~/MyFirstRepository$ git add text.txt
teerashi@Teerashi:~/MyFirstRepository$ git status 
On branch main
nothing to commit, working tree clean
teerashi@Teerashi:~/MyFirstRepository$ nano text.txt 
teerashi@Teerashi:~/MyFirstRepository$ git status 
On branch main
Changes not staged for commit:
  (use "git add <file>..." to update what will be committed)
  (use "git restore <file>..." to discard changes in working directory)
	modified:   text.txt

no changes added to commit (use "git add" and/or "git commit -a")
teerashi@Teerashi:~/MyFirstRepository$ git add text.txt 
teerashi@Teerashi:~/MyFirstRepository$ git status 
On branch main
Changes to be committed:
  (use "git restore --staged <file>..." to unstage)
	modified:   text.txt

teerashi@Teerashi:~/MyFirstRepository$ git commit -m "v2"
[main d4b1fe4] v2
 1 file changed, 3 insertions(+)
teerashi@Teerashi:~/MyFirstRepository$ git log
commit d4b1fe4879a413c0d76dc583ad640c13946178a8 (HEAD -> main)
Author: Teerashi <vito.trojan@gmail.com>
Date:   Thu Oct 5 00:50:16 2023 +0300

    v2

commit 0219b3e7b1b37575cca26ad2fe60c0de53d5d505
Author: Teerashi <vito.trojan@gmail.com>
Date:   Thu Oct 5 00:48:39 2023 +0300

    v1
teerashi@Teerashi:~/MyFirstRepository$ git branch -M main
teerashi@Teerashi:~/MyFirstRepository$ git remote add origin git@github.com:Teerashi/MyFirstRepository.git
teerashi@Teerashi:~/MyFirstRepository$ git push -u origin main
git@github.com: Permission denied (publickey).
fatal: Could not read from remote repository.

Please make sure you have the correct access rights
and the repository exists.
teerashi@Teerashi:~/MyFirstRepository$ git remote add origin https://github.com/Teerashi/MyFirstRepository.git
error: remote origin already exists.
teerashi@Teerashi:~/MyFirstRepository$ git push -u origin main
git@github.com: Permission denied (publickey).
fatal: Could not read from remote repository.

Please make sure you have the correct access rights
and the repository exists.

